{"name":"Test","protocol_version":"2","integration_version":"0.0.1","data":[{"metrics":[],"inventory":{"config.ingest":{"value":"append,convert,date,date_index_name,dot_expander,fail,foreach,grok,gsub,join,json,kv,lowercase,remove,rename,script,set,set_security_user,sort,split,trim,uppercase,urldecode"},"config.modules.aggs-matrix-stats.classname":{"value":"org.elasticsearch.search.aggregations.matrix.MatrixAggregationPlugin"},"config.modules.aggs-matrix-stats.description":{"value":"Adds aggregations whose input are a list of numeric fields and output includes a matrix."},"config.modules.aggs-matrix-stats.elasticsearch_version":{"value":"6.3.2"},"config.modules.aggs-matrix-stats.java_version":{"value":"1.8"},"config.modules.aggs-matrix-stats.version":{"value":"6.3.2"},"config.modules.analysis-common.classname":{"value":"org.elasticsearch.analysis.common.CommonAnalysisPlugin"},"config.modules.analysis-common.description":{"value":"Adds \"built in\" analyzers to Elasticsearch."},"config.modules.analysis-common.elasticsearch_version":{"value":"6.3.2"},"config.modules.analysis-common.java_version":{"value":"1.8"},"config.modules.analysis-common.version":{"value":"6.3.2"},"config.modules.ingest-common.classname":{"value":"org.elasticsearch.ingest.common.IngestCommonPlugin"},"config.modules.ingest-common.description":{"value":"Module for ingest processors that do not require additional security permissions or have large dependencies and resources"},"config.modules.ingest-common.elasticsearch_version":{"value":"6.3.2"},"config.modules.ingest-common.java_version":{"value":"1.8"},"config.modules.ingest-common.version":{"value":"6.3.2"},"config.modules.lang-expression.classname":{"value":"org.elasticsearch.script.expression.ExpressionPlugin"},"config.modules.lang-expression.description":{"value":"Lucene expressions integration for Elasticsearch"},"config.modules.lang-expression.elasticsearch_version":{"value":"6.3.2"},"config.modules.lang-expression.java_version":{"value":"1.8"},"config.modules.lang-expression.version":{"value":"6.3.2"},"config.modules.lang-mustache.classname":{"value":"org.elasticsearch.script.mustache.MustachePlugin"},"config.modules.lang-mustache.description":{"value":"Mustache scripting integration for Elasticsearch"},"config.modules.lang-mustache.elasticsearch_version":{"value":"6.3.2"},"config.modules.lang-mustache.java_version":{"value":"1.8"},"config.modules.lang-mustache.version":{"value":"6.3.2"},"config.modules.lang-painless.classname":{"value":"org.elasticsearch.painless.PainlessPlugin"},"config.modules.lang-painless.description":{"value":"An easy, safe and fast scripting language for Elasticsearch"},"config.modules.lang-painless.elasticsearch_version":{"value":"6.3.2"},"config.modules.lang-painless.java_version":{"value":"1.8"},"config.modules.lang-painless.version":{"value":"6.3.2"},"config.modules.mapper-extras.classname":{"value":"org.elasticsearch.index.mapper.MapperExtrasPlugin"},"config.modules.mapper-extras.description":{"value":"Adds advanced field mappers"},"config.modules.mapper-extras.elasticsearch_version":{"value":"6.3.2"},"config.modules.mapper-extras.java_version":{"value":"1.8"},"config.modules.mapper-extras.version":{"value":"6.3.2"},"config.modules.parent-join.classname":{"value":"org.elasticsearch.join.ParentJoinPlugin"},"config.modules.parent-join.description":{"value":"This module adds the support parent-child queries and aggregations"},"config.modules.parent-join.elasticsearch_version":{"value":"6.3.2"},"config.modules.parent-join.java_version":{"value":"1.8"},"config.modules.parent-join.version":{"value":"6.3.2"},"config.modules.percolator.classname":{"value":"org.elasticsearch.percolator.PercolatorPlugin"},"config.modules.percolator.description":{"value":"Percolator module adds capability to index queries and query these queries by specifying documents"},"config.modules.percolator.elasticsearch_version":{"value":"6.3.2"},"config.modules.percolator.java_version":{"value":"1.8"},"config.modules.percolator.version":{"value":"6.3.2"},"config.modules.rank-eval.classname":{"value":"org.elasticsearch.index.rankeval.RankEvalPlugin"},"config.modules.rank-eval.description":{"value":"The Rank Eval module adds APIs to evaluate ranking quality."},"config.modules.rank-eval.elasticsearch_version":{"value":"6.3.2"},"config.modules.rank-eval.java_version":{"value":"1.8"},"config.modules.rank-eval.version":{"value":"6.3.2"},"config.modules.reindex.classname":{"value":"org.elasticsearch.index.reindex.ReindexPlugin"},"config.modules.reindex.description":{"value":"The Reindex module adds APIs to reindex from one index to another or update documents in place."},"config.modules.reindex.elasticsearch_version":{"value":"6.3.2"},"config.modules.reindex.java_version":{"value":"1.8"},"config.modules.reindex.version":{"value":"6.3.2"},"config.modules.repository-url.classname":{"value":"org.elasticsearch.plugin.repository.url.URLRepositoryPlugin"},"config.modules.repository-url.description":{"value":"Module for URL repository"},"config.modules.repository-url.elasticsearch_version":{"value":"6.3.2"},"config.modules.repository-url.java_version":{"value":"1.8"},"config.modules.repository-url.version":{"value":"6.3.2"},"config.modules.transport-netty4.classname":{"value":"org.elasticsearch.transport.Netty4Plugin"},"config.modules.transport-netty4.description":{"value":"Netty 4 based transport implementation"},"config.modules.transport-netty4.elasticsearch_version":{"value":"6.3.2"},"config.modules.transport-netty4.java_version":{"value":"1.8"},"config.modules.transport-netty4.version":{"value":"6.3.2"},"config.modules.tribe.classname":{"value":"org.elasticsearch.tribe.TribePlugin"},"config.modules.tribe.description":{"value":"Tribe module"},"config.modules.tribe.elasticsearch_version":{"value":"6.3.2"},"config.modules.tribe.java_version":{"value":"1.8"},"config.modules.tribe.version":{"value":"6.3.2"},"config.modules.x-pack-core.classname":{"value":"org.elasticsearch.xpack.core.XPackPlugin"},"config.modules.x-pack-core.description":{"value":"Elasticsearch Expanded Pack Plugin - Core"},"config.modules.x-pack-core.elasticsearch_version":{"value":"6.3.2"},"config.modules.x-pack-core.java_version":{"value":"1.8"},"config.modules.x-pack-core.version":{"value":"6.3.2"},"config.modules.x-pack-deprecation.classname":{"value":"org.elasticsearch.xpack.deprecation.Deprecation"},"config.modules.x-pack-deprecation.description":{"value":"Elasticsearch Expanded Pack Plugin - Deprecation"},"config.modules.x-pack-deprecation.elasticsearch_version":{"value":"6.3.2"},"config.modules.x-pack-deprecation.java_version":{"value":"1.8"},"config.modules.x-pack-deprecation.version":{"value":"6.3.2"},"config.modules.x-pack-graph.classname":{"value":"org.elasticsearch.xpack.graph.Graph"},"config.modules.x-pack-graph.description":{"value":"Elasticsearch Expanded Pack Plugin - Graph"},"config.modules.x-pack-graph.elasticsearch_version":{"value":"6.3.2"},"config.modules.x-pack-graph.java_version":{"value":"1.8"},"config.modules.x-pack-graph.version":{"value":"6.3.2"},"config.modules.x-pack-logstash.classname":{"value":"org.elasticsearch.xpack.logstash.Logstash"},"config.modules.x-pack-logstash.description":{"value":"Elasticsearch Expanded Pack Plugin - Logstash"},"config.modules.x-pack-logstash.elasticsearch_version":{"value":"6.3.2"},"config.modules.x-pack-logstash.java_version":{"value":"1.8"},"config.modules.x-pack-logstash.version":{"value":"6.3.2"},"config.modules.x-pack-ml.classname":{"value":"org.elasticsearch.xpack.ml.MachineLearning"},"config.modules.x-pack-ml.description":{"value":"Elasticsearch Expanded Pack Plugin - Machine Learning"},"config.modules.x-pack-ml.elasticsearch_version":{"value":"6.3.2"},"config.modules.x-pack-ml.java_version":{"value":"1.8"},"config.modules.x-pack-ml.version":{"value":"6.3.2"},"config.modules.x-pack-monitoring.classname":{"value":"org.elasticsearch.xpack.monitoring.Monitoring"},"config.modules.x-pack-monitoring.description":{"value":"Elasticsearch Expanded Pack Plugin - Monitoring"},"config.modules.x-pack-monitoring.elasticsearch_version":{"value":"6.3.2"},"config.modules.x-pack-monitoring.java_version":{"value":"1.8"},"config.modules.x-pack-monitoring.version":{"value":"6.3.2"},"config.modules.x-pack-rollup.classname":{"value":"org.elasticsearch.xpack.rollup.Rollup"},"config.modules.x-pack-rollup.description":{"value":"Elasticsearch Expanded Pack Plugin - Rollup"},"config.modules.x-pack-rollup.elasticsearch_version":{"value":"6.3.2"},"config.modules.x-pack-rollup.java_version":{"value":"1.8"},"config.modules.x-pack-rollup.version":{"value":"6.3.2"},"config.modules.x-pack-security.classname":{"value":"org.elasticsearch.xpack.security.Security"},"config.modules.x-pack-security.description":{"value":"Elasticsearch Expanded Pack Plugin - Security"},"config.modules.x-pack-security.elasticsearch_version":{"value":"6.3.2"},"config.modules.x-pack-security.java_version":{"value":"1.8"},"config.modules.x-pack-security.version":{"value":"6.3.2"},"config.modules.x-pack-sql.classname":{"value":"org.elasticsearch.xpack.sql.plugin.SqlPlugin"},"config.modules.x-pack-sql.description":{"value":"The Elasticsearch plugin that powers SQL for Elasticsearch"},"config.modules.x-pack-sql.elasticsearch_version":{"value":"6.3.2"},"config.modules.x-pack-sql.java_version":{"value":"1.8"},"config.modules.x-pack-sql.version":{"value":"6.3.2"},"config.modules.x-pack-upgrade.classname":{"value":"org.elasticsearch.xpack.upgrade.Upgrade"},"config.modules.x-pack-upgrade.description":{"value":"Elasticsearch Expanded Pack Plugin - Upgrade"},"config.modules.x-pack-upgrade.elasticsearch_version":{"value":"6.3.2"},"config.modules.x-pack-upgrade.java_version":{"value":"1.8"},"config.modules.x-pack-upgrade.version":{"value":"6.3.2"},"config.modules.x-pack-watcher.classname":{"value":"org.elasticsearch.xpack.watcher.Watcher"},"config.modules.x-pack-watcher.description":{"value":"Elasticsearch Expanded Pack Plugin - Watcher"},"config.modules.x-pack-watcher.elasticsearch_version":{"value":"6.3.2"},"config.modules.x-pack-watcher.java_version":{"value":"1.8"},"config.modules.x-pack-watcher.version":{"value":"6.3.2"},"config.plugins.analysis-icu.classname":{"value":"org.elasticsearch.plugin.analysis.icu.AnalysisICUPlugin"},"config.plugins.analysis-icu.description":{"value":"The ICU Analysis plugin integrates Lucene ICU module into elasticsearch, adding ICU relates analysis components."},"config.plugins.analysis-icu.elasticsearch_version":{"value":"6.3.2"},"config.plugins.analysis-icu.java_version":{"value":"1.8"},"config.plugins.analysis-icu.version":{"value":"6.3.2"},"config.process.id":{"value":15171},"config.process.mlockall":{"value":false},"config.process.refresh_interval_in_millis":{"value":1000}},"events":[]}]}